2026-07-11 14:08:34,806 [INFO] --- NEW EXECUTION LAUNCHED ---
2026-07-11 14:08:34,807 [WARNING] OS Stack Size (ulimit -s) is dangerously restricted (8192 KB).
2026-07-11 14:08:34,807 [WARNING] Recommendation: Run `ulimit -s unlimited` before running Coupled-Cluster.
2026-07-11 14:08:34,807 [WARNING] Restricted ulimit -s detected: 8388608
2026-07-11 14:08:34,807 [INFO] SUCCESS: CPU Detected: 24 threads available
2026-07-11 14:08:34,807 [INFO] SUCCESS: Memory Detected: 62.55 GB available
2026-07-11 14:08:34,877 [INFO] SUCCESS: CUDA Host Version: 13.2 (Routing to PyTorch wheel cu124)
2026-07-11 14:08:34,877 [INFO] SUCCESS: GPU Detected: NVIDIA Architecture
2026-07-11 14:08:34,888 [INFO] Fast-Pass failed: Command '['/home/joshua/orca_6_1_1_avx2/orca', '--version']' returned non-zero exit status 2.
2026-07-11 14:08:35,445 [INFO] SUCCESS: ORCA 6.1.1 validated (Basis sets & Property modules OK) at: /home/joshua/orca_6_1_1_avx2/orca
2026-07-11 14:08:36,624 [INFO] SUCCESS: Binary 'mpirun' (openmpi) is present.
2026-07-11 14:08:37,498 [INFO] SUCCESS: Binary 'git' (git) is present.
2026-07-11 14:08:38,385 [WARNING] OpenMPI version is NOT 4.1.x! ORCA parallel scaling may fail.
2026-07-11 14:08:38,385 [WARNING] OpenMPI Mismatch: mpirun (Open MPI) 5.0.10

Report bugs to https://www.open-mpi.org/community/help/
2026-07-11 14:08:39,970 [INFO] SUCCESS: PyTorch & MACE-OFF23 are fully functional.
2026-07-11 14:08:40,909 [INFO] SUCCESS: Dependency 'numpy==1.26.4' is fully functional.
2026-07-11 14:08:41,862 [INFO] SUCCESS: Dependency 'scipy==1.13.1' is fully functional.
2026-07-11 14:08:42,823 [INFO] SUCCESS: Dependency 'ase==3.23.0' is fully functional.
2026-07-11 14:08:43,780 [INFO] SUCCESS: Dependency 'networkx==3.3' is fully functional.
2026-07-11 14:08:44,675 [INFO] SUCCESS: Dependency 'psutil==5.9.8' is fully functional.
2026-07-11 14:08:45,568 [INFO] SUCCESS: Dependency 'tblite==0.3.0' is fully functional.
2026-07-11 14:08:46,479 [INFO] SUCCESS: Dependency 'tblite-python==0.3.0' is fully functional.
2026-07-11 14:08:47,541 [INFO] SUCCESS: Dependency 'pyscf==2.6.2' is fully functional.
2026-07-11 14:08:48,594 [INFO] SUCCESS: Dependency 'pyscf-dispersion==0.5.0' is fully functional.
2026-07-11 14:08:49,700 [INFO] SUCCESS: Dependency 'geometric==1.0.2' is fully functional.
2026-07-11 14:08:50,656 [INFO] SUCCESS: Dependency 'ipykernel' is fully functional.
2026-07-11 14:08:51,664 [INFO] SUCCESS: Dependency 'matplotlib==3.9.0' is fully functional.
2026-07-11 14:08:52,670 [WARNING] 'gpu4pyscf-cuda12x' missing or broken. Attempting automated pip install...
2026-07-11 14:08:56,533 [INFO] SUCCESS: 'gpu4pyscf-cuda12x' successfully installed and verified.
2026-07-11 14:08:57,462 [INFO] SUCCESS: OPI 2.0 is present and functional.
2026-07-11 14:08:57,462 [INFO] Registering Kernel to Jupyter...
2026-07-11 14:08:58,581 [WARNING] OET missing/broken. Enforcing strict installation...
2026-07-11 14:08:58,582 [INFO] OET Tarball Checksum: 05bdbf3e8d8328ef66f30e3f2b6edccfbaf1e8b73aee0b72bb3a474ffd98748b
2026-07-11 14:08:58,582 [INFO] Extracting OET...
2026-07-11 14:08:58,749 [INFO] Running FACCTs Virtual Environment installer...
2026-07-11 14:09:06,738 [INFO] Injecting hardware-aware MLFF dependencies into OET VENV...
2026-07-11 14:10:38,842 [ERROR] OET Import Test Error:
oet_mace binary not found.
2026-07-11 14:10:38,842 [CRITICAL] HARD FAIL - ORCA External Tools: Missing C++/CUDA bindings inside VENV.
2026-07-11 14:17:45,905 [INFO] --- NEW EXECUTION LAUNCHED ---
2026-07-11 14:17:45,906 [WARNING] OS Stack Size (ulimit -s) is dangerously restricted (8192 KB).
2026-07-11 14:17:45,906 [WARNING] Recommendation: Run `ulimit -s unlimited` before running Coupled-Cluster.
2026-07-11 14:17:45,906 [WARNING] Restricted ulimit -s detected: 8388608
2026-07-11 14:17:45,906 [INFO] SUCCESS: CPU Detected: 24 threads available
2026-07-11 14:17:45,906 [INFO] SUCCESS: Memory Detected: 62.55 GB available
2026-07-11 14:17:45,975 [INFO] SUCCESS: CUDA Host Version: 13.2 (Routing to PyTorch wheel cu124)
2026-07-11 14:17:45,976 [INFO] SUCCESS: GPU Detected: NVIDIA Architecture
2026-07-11 14:17:45,987 [INFO] Fast-Pass failed: Command '['/home/joshua/orca_6_1_1_avx2/orca', '--version']' returned non-zero exit status 2.
2026-07-11 14:17:46,585 [INFO] SUCCESS: ORCA 6.1.1 validated (Basis sets & Property modules OK) at: /home/joshua/orca_6_1_1_avx2/orca
2026-07-11 14:17:47,763 [INFO] SUCCESS: Binary 'mpirun' (openmpi) is present.
2026-07-11 14:17:48,629 [INFO] SUCCESS: Binary 'git' (git) is present.
2026-07-11 14:17:49,518 [WARNING] OpenMPI version is NOT 4.1.x! ORCA parallel scaling may fail.
2026-07-11 14:17:49,518 [WARNING] OpenMPI Mismatch: mpirun (Open MPI) 5.0.10

Report bugs to https://www.open-mpi.org/community/help/
2026-07-11 14:17:51,104 [INFO] SUCCESS: PyTorch & MACE-OFF23 are fully functional.
2026-07-11 14:17:52,036 [INFO] SUCCESS: Dependency 'numpy==1.26.4' is fully functional.
2026-07-11 14:17:52,970 [INFO] SUCCESS: Dependency 'scipy==1.13.1' is fully functional.
2026-07-11 14:17:53,901 [INFO] SUCCESS: Dependency 'ase==3.23.0' is fully functional.
2026-07-11 14:17:54,875 [INFO] SUCCESS: Dependency 'networkx==3.3' is fully functional.
2026-07-11 14:17:55,781 [INFO] SUCCESS: Dependency 'psutil==5.9.8' is fully functional.
2026-07-11 14:17:56,674 [INFO] SUCCESS: Dependency 'tblite==0.3.0' is fully functional.
2026-07-11 14:17:57,573 [INFO] SUCCESS: Dependency 'tblite-python==0.3.0' is fully functional.
2026-07-11 14:17:58,656 [INFO] SUCCESS: Dependency 'pyscf==2.6.2' is fully functional.
2026-07-11 14:17:59,771 [INFO] SUCCESS: Dependency 'pyscf-dispersion==0.5.0' is fully functional.
2026-07-11 14:18:00,913 [INFO] SUCCESS: Dependency 'geometric==1.0.2' is fully functional.
2026-07-11 14:18:01,865 [INFO] SUCCESS: Dependency 'ipykernel' is fully functional.
2026-07-11 14:18:02,825 [WARNING] 'matplotlib==3.9.0' missing or broken. Attempting automated pip install...
2026-07-11 14:18:06,223 [INFO] SUCCESS: 'matplotlib==3.9.0' successfully installed and verified.
2026-07-11 14:18:07,793 [INFO] SUCCESS: Dependency 'gpu4pyscf-cuda12x' is fully functional.
2026-07-11 14:18:08,722 [INFO] SUCCESS: OPI 2.0 is present and functional.
2026-07-11 14:18:08,723 [INFO] Registering Kernel to Jupyter...
2026-07-11 14:18:09,811 [WARNING] OET missing/broken. Enforcing strict installation...
2026-07-11 14:18:09,811 [INFO] OET Tarball Checksum: 05bdbf3e8d8328ef66f30e3f2b6edccfbaf1e8b73aee0b72bb3a474ffd98748b
2026-07-11 14:18:09,811 [INFO] Extracting OET...
2026-07-11 14:18:10,730 [INFO] Running FACCTs Virtual Environment installer...
2026-07-11 14:18:19,307 [INFO] Injecting hardware-aware MLFF dependencies into OET VENV...
2026-07-11 14:19:19,424 [ERROR] MACE VENV install failed: [31mERROR: Could not find a version that satisfies the requirement tblite-python (from versions: none)[0m[31m
[0m[31mERROR: No matching distribution found for tblite-python[0m[31m
[0m
2026-07-11 14:19:19,424 [ERROR] OET Import Test Error:
oet_mace binary not found.
2026-07-11 14:19:19,424 [CRITICAL] HARD FAIL - ORCA External Tools: VENV Python Import Error:
oet_mace binary not found.
2026-07-11 14:32:47,222 [INFO] --- NEW EXECUTION LAUNCHED ---
2026-07-11 14:32:47,222 [WARNING] OS Stack Size (ulimit -s) is dangerously restricted (8192 KB).
2026-07-11 14:32:47,222 [WARNING] Recommendation: Run `ulimit -s unlimited` before running Coupled-Cluster.
2026-07-11 14:32:47,222 [WARNING] Restricted ulimit -s detected: 8388608
2026-07-11 14:32:47,222 [INFO] SUCCESS: CPU Detected: 24 threads available
2026-07-11 14:32:47,222 [INFO] SUCCESS: Memory Detected: 62.55 GB available
2026-07-11 14:32:47,291 [INFO] SUCCESS: CUDA Host Version: 13.2 (Routing to PyTorch wheel cu124)
2026-07-11 14:32:47,292 [INFO] SUCCESS: GPU Detected: NVIDIA Architecture
2026-07-11 14:32:47,299 [INFO] Fast-Pass failed: Command '['/home/joshua/orca_6_1_1_avx2/orca', '--version']' returned non-zero exit status 2.
2026-07-11 14:32:47,856 [INFO] SUCCESS: ORCA 6.1.1 validated (Basis sets & Property modules OK) at: /home/joshua/orca_6_1_1_avx2/orca
2026-07-11 14:32:49,026 [INFO] SUCCESS: Binary 'mpirun' (openmpi) is present.
2026-07-11 14:32:49,905 [INFO] SUCCESS: Binary 'git' (git) is present.
2026-07-11 14:32:50,789 [WARNING] OpenMPI version is NOT 4.1.x! Automating downgrade/upgrade to 4.1.6...
2026-07-11 14:32:50,789 [WARNING] OpenMPI Mismatch: mpirun (Open MPI) 5.0.10

Report bugs to https://www.open-mpi.org/community/help/. Auto-correcting...
2026-07-11 14:37:25,482 [INFO] SUCCESS: OpenMPI automatically corrected to 4.1.6 at: /home/joshua/anaconda3/envs/ChemComp_OPI-ORCA_v3-1/bin/mpirun
2026-07-11 14:37:27,088 [INFO] SUCCESS: PyTorch & MACE-OFF23 are fully functional.
2026-07-11 14:37:27,983 [INFO] Resolution Cycle 1/4: Aligning highest compatible versions...
2026-07-11 14:37:31,063 [INFO] SUCCESS: Matrix alignment successful! Dependencies seamlessly upgraded/downgraded to optimal configurations.
2026-07-11 14:37:32,025 [INFO] SUCCESS: Dependency 'numpy' is fully functional.
2026-07-11 14:37:32,999 [INFO] SUCCESS: Dependency 'scipy' is fully functional.
2026-07-11 14:37:33,977 [INFO] SUCCESS: Dependency 'ase' is fully functional.
2026-07-11 14:37:34,940 [INFO] SUCCESS: Dependency 'networkx' is fully functional.
2026-07-11 14:37:35,840 [INFO] SUCCESS: Dependency 'psutil' is fully functional.
2026-07-11 14:37:36,726 [INFO] SUCCESS: Dependency 'tblite' is fully functional.
2026-07-11 14:37:37,622 [INFO] SUCCESS: Dependency 'tblite-python' is fully functional.
2026-07-11 14:37:38,735 [INFO] SUCCESS: Dependency 'pyscf' is fully functional.
2026-07-11 14:37:39,843 [INFO] SUCCESS: Dependency 'pyscf-dispersion' is fully functional.
2026-07-11 14:37:41,005 [INFO] SUCCESS: Dependency 'geometric' is fully functional.
2026-07-11 14:37:41,962 [INFO] SUCCESS: Dependency 'ipykernel' is fully functional.
2026-07-11 14:37:43,005 [INFO] SUCCESS: Dependency 'matplotlib' is fully functional.
2026-07-11 14:37:44,608 [INFO] SUCCESS: Dependency 'gpu4pyscf-cuda12x' is fully functional.
2026-07-11 14:37:45,528 [INFO] SUCCESS: OPI >=2.0.0 is present and functional.
2026-07-11 14:37:45,528 [INFO] Registering Kernel to Jupyter...
2026-07-11 14:37:46,622 [WARNING] OET missing/broken. Enforcing strict installation...
2026-07-11 14:37:46,622 [INFO] OET Tarball Checksum: 05bdbf3e8d8328ef66f30e3f2b6edccfbaf1e8b73aee0b72bb3a474ffd98748b
2026-07-11 14:37:46,622 [INFO] Extracting OET...
2026-07-11 14:37:47,563 [INFO] Running FACCTs Virtual Environment installer...
2026-07-11 14:37:56,211 [INFO] Injecting hardware-aware MLFF dependencies into OET VENV...
2026-07-11 14:38:55,725 [INFO] Enforcing dynamic version alignment for VENV C++ bindings...
2026-07-11 14:38:56,293 [ERROR] MACE VENV install failed: [31mERROR: Could not find a version that satisfies the requirement tblite-python (from versions: none)[0m[31m
[0m[31mERROR: No matching distribution found for tblite-python[0m[31m
[0m
2026-07-11 14:38:56,294 [ERROR] OET Import Test Error:
oet_mace binary not found.
2026-07-11 14:38:56,294 [CRITICAL] HARD FAIL - ORCA External Tools: VENV Python Import Error:
oet_mace binary not found.
2026-07-11 14:46:07,496 [INFO] --- NEW EXECUTION LAUNCHED ---
2026-07-11 14:46:07,496 [INFO] SUCCESS: Dynamically expanded OS Stack Size (ulimit -s) to maximum allowed.
2026-07-11 14:46:07,496 [INFO] Dynamically updated ulimit -s from 8388608 to -1
2026-07-11 14:46:07,496 [INFO] SUCCESS: CPU Detected: 24 threads available
2026-07-11 14:46:07,496 [INFO] SUCCESS: Memory Detected: 62.55 GB available
2026-07-11 14:46:07,557 [INFO] SUCCESS: CUDA Host Version: 13.2 (Routing to PyTorch wheel cu124)
2026-07-11 14:46:07,557 [INFO] SUCCESS: GPU Detected: NVIDIA Architecture
2026-07-11 14:46:07,566 [INFO] Fast-Pass failed: Command '['/home/joshua/orca_6_1_1_avx2/orca', '--version']' returned non-zero exit status 2.
2026-07-11 14:46:08,134 [INFO] SUCCESS: ORCA 6.1.1 validated (Basis sets & Property modules OK) at: /home/joshua/orca_6_1_1_avx2/orca
2026-07-11 14:46:09,327 [INFO] SUCCESS: Binary 'mpirun' (openmpi) is present.
2026-07-11 14:46:10,209 [INFO] SUCCESS: Binary 'git' (git) is present.
2026-07-11 14:46:11,092 [WARNING] OpenMPI version is NOT 4.1.x! Automating downgrade/upgrade to 4.1.6...
2026-07-11 14:46:11,092 [WARNING] OpenMPI Mismatch: mpirun (Open MPI) 5.0.10

Report bugs to https://www.open-mpi.org/community/help/. Auto-correcting...
2026-07-11 14:47:53,945 [INFO] SUCCESS: OpenMPI automatically corrected to 4.1.6 at: /home/joshua/anaconda3/envs/ChemComp_OPI-ORCA_v3-1/bin/mpirun
2026-07-11 14:47:55,538 [INFO] SUCCESS: PyTorch & MACE-OFF23 are fully functional.
2026-07-11 14:47:56,429 [INFO] Resolution Cycle 1/4: Aligning highest compatible versions...
2026-07-11 14:47:59,631 [INFO] SUCCESS: Matrix alignment successful! Dependencies seamlessly upgraded/downgraded to optimal configurations.
2026-07-11 14:48:00,583 [INFO] SUCCESS: Dependency 'numpy' is fully functional.
2026-07-11 14:48:01,558 [INFO] SUCCESS: Dependency 'scipy' is fully functional.
2026-07-11 14:48:02,511 [INFO] SUCCESS: Dependency 'ase' is fully functional.
2026-07-11 14:48:03,477 [INFO] SUCCESS: Dependency 'networkx' is fully functional.
2026-07-11 14:48:04,373 [INFO] SUCCESS: Dependency 'psutil' is fully functional.
2026-07-11 14:48:05,277 [INFO] SUCCESS: Dependency 'tblite' is fully functional.
2026-07-11 14:48:06,163 [INFO] SUCCESS: Dependency 'tblite-python' is fully functional.
2026-07-11 14:48:07,276 [INFO] SUCCESS: Dependency 'pyscf' is fully functional.
2026-07-11 14:48:08,382 [INFO] SUCCESS: Dependency 'pyscf-dispersion' is fully functional.
2026-07-11 14:48:09,523 [INFO] SUCCESS: Dependency 'geometric' is fully functional.
2026-07-11 14:48:10,492 [INFO] SUCCESS: Dependency 'ipykernel' is fully functional.
2026-07-11 14:48:11,483 [INFO] SUCCESS: Dependency 'matplotlib' is fully functional.
2026-07-11 14:48:13,049 [INFO] SUCCESS: Dependency 'gpu4pyscf-cuda12x' is fully functional.
2026-07-11 14:48:13,959 [INFO] SUCCESS: OPI >=2.0.0 is present and functional.
2026-07-11 14:48:13,960 [INFO] Registering Kernel to Jupyter...
2026-07-11 14:48:15,048 [WARNING] OET missing/broken. Enforcing strict installation...
2026-07-11 14:48:15,049 [INFO] OET Tarball Checksum: 05bdbf3e8d8328ef66f30e3f2b6edccfbaf1e8b73aee0b72bb3a474ffd98748b
2026-07-11 14:48:15,049 [INFO] Extracting OET...
2026-07-11 14:48:15,936 [INFO] Running FACCTs Virtual Environment installer...
2026-07-11 14:48:24,593 [INFO] Injecting hardware-aware MLFF dependencies into OET VENV...
2026-07-11 14:49:23,975 [INFO] Enforcing dynamic version alignment for VENV C++ bindings...
2026-07-11 14:49:24,500 [ERROR] MACE VENV install failed: [31mERROR: Could not find a version that satisfies the requirement tblite-python (from versions: none)[0m[31m
[0m[31mERROR: No matching distribution found for tblite-python[0m[31m
[0m
2026-07-11 14:49:24,500 [ERROR] OET Import Test Error:
oet_mace binary not found.
2026-07-11 14:49:24,500 [CRITICAL] HARD FAIL - ORCA External Tools: VENV Python Import Error:
oet_mace binary not found.
2026-07-11 14:56:19,930 [INFO] --- NEW EXECUTION LAUNCHED ---
2026-07-11 14:56:19,931 [INFO] SUCCESS: OS Memory Allocation (Stack Size) is mathematically healthy.
2026-07-11 14:56:19,931 [INFO] SUCCESS: CPU Detected: 24 threads available
2026-07-11 14:56:19,931 [INFO] SUCCESS: Memory Detected: 62.55 GB available
2026-07-11 14:56:20,003 [INFO] SUCCESS: CUDA Host Version: 13.2 (Routing to PyTorch wheel cu124)
2026-07-11 14:56:20,003 [INFO] SUCCESS: GPU Detected: NVIDIA Architecture
2026-07-11 14:56:20,012 [INFO] Fast-Pass failed: Command '['/home/joshua/orca_6_1_1_avx2/orca', '--version']' returned non-zero exit status 2.
2026-07-11 14:56:20,621 [INFO] SUCCESS: ORCA 6.1.1 validated (Basis sets & Property modules OK) at: /home/joshua/orca_6_1_1_avx2/orca
2026-07-11 14:56:21,798 [INFO] SUCCESS: Binary 'mpirun' (openmpi) is present.
2026-07-11 14:56:22,680 [INFO] SUCCESS: Binary 'git' (git) is present.
2026-07-11 14:56:23,564 [WARNING] OpenMPI version is NOT 4.1.x! Automating downgrade/upgrade to 4.1.6...
2026-07-11 14:56:23,565 [WARNING] OpenMPI Mismatch: mpirun (Open MPI) 5.0.10

Report bugs to https://www.open-mpi.org/community/help/. Auto-correcting...
2026-07-11 14:58:10,414 [INFO] SUCCESS: OpenMPI automatically corrected to 4.1.6 at: /home/joshua/anaconda3/envs/ChemComp_OPI-ORCA_v3-1/bin/mpirun
2026-07-11 14:58:12,035 [INFO] SUCCESS: PyTorch & MACE-OFF23 are fully functional.
2026-07-11 14:58:12,919 [INFO] Resolution Cycle 1/4: Aligning highest compatible versions...
2026-07-11 14:58:16,259 [INFO] SUCCESS: Matrix alignment successful! Dependencies seamlessly upgraded/downgraded to optimal configurations.
2026-07-11 14:58:17,190 [INFO] SUCCESS: Dependency 'numpy' is fully functional.
2026-07-11 14:58:18,133 [INFO] SUCCESS: Dependency 'scipy' is fully functional.
2026-07-11 14:58:19,115 [INFO] SUCCESS: Dependency 'ase' is fully functional.
2026-07-11 14:58:20,079 [INFO] SUCCESS: Dependency 'networkx' is fully functional.
2026-07-11 14:58:20,997 [INFO] SUCCESS: Dependency 'psutil' is fully functional.
2026-07-11 14:58:21,894 [INFO] SUCCESS: Dependency 'tblite' is fully functional.
2026-07-11 14:58:22,802 [INFO] SUCCESS: Dependency 'tblite-python' is fully functional.
2026-07-11 14:58:23,933 [INFO] SUCCESS: Dependency 'pyscf' is fully functional.
2026-07-11 14:58:25,052 [INFO] SUCCESS: Dependency 'pyscf-dispersion' is fully functional.
2026-07-11 14:58:26,169 [INFO] SUCCESS: Dependency 'geometric' is fully functional.
2026-07-11 14:58:27,135 [INFO] SUCCESS: Dependency 'ipykernel' is fully functional.
2026-07-11 14:58:28,135 [INFO] SUCCESS: Dependency 'matplotlib' is fully functional.
2026-07-11 14:58:29,747 [INFO] SUCCESS: Dependency 'gpu4pyscf-cuda12x' is fully functional.
2026-07-11 14:58:30,667 [INFO] SUCCESS: OPI >=2.0.0 is present and functional.
2026-07-11 14:58:30,667 [INFO] Registering Kernel to Jupyter...
2026-07-11 14:58:31,756 [WARNING] OET missing/broken. Enforcing strict installation...
2026-07-11 14:58:31,757 [INFO] OET Tarball Checksum: 05bdbf3e8d8328ef66f30e3f2b6edccfbaf1e8b73aee0b72bb3a474ffd98748b
2026-07-11 14:58:31,757 [INFO] Extracting OET...
2026-07-11 14:58:32,678 [INFO] Running FACCTs Virtual Environment installer...
2026-07-11 14:58:41,344 [INFO] Injecting hardware-aware MLFF dependencies into OET VENV...
2026-07-11 14:59:42,354 [INFO] Enforcing dynamic version alignment for VENV C++ bindings...
2026-07-11 14:59:42,891 [ERROR] MACE VENV install failed: [31mERROR: Could not find a version that satisfies the requirement tblite-python (from versions: none)[0m[31m
[0m[31mERROR: No matching distribution found for tblite-python[0m[31m
[0m
2026-07-11 14:59:42,891 [ERROR] OET Import Test Error:
oet_mace binary not found.
2026-07-11 14:59:42,891 [CRITICAL] HARD FAIL - ORCA External Tools: VENV Python Import Error:
oet_mace binary not found.
2026-07-11 15:15:19,891 [INFO] --- NEW EXECUTION LAUNCHED ---
2026-07-11 15:15:19,892 [INFO] SUCCESS: OS Memory Allocation (Stack Size) is mathematically healthy.
2026-07-11 15:15:19,892 [INFO] SUCCESS: CPU Detected: 24 threads available
2026-07-11 15:15:19,892 [INFO] SUCCESS: Memory Detected: 62.55 GB available
2026-07-11 15:15:19,951 [INFO] SUCCESS: CUDA Host Version: 13.2 (Routing to PyTorch wheel cu124)
2026-07-11 15:15:19,951 [INFO] SUCCESS: GPU Detected: NVIDIA Architecture
2026-07-11 15:15:19,962 [INFO] Fast-Pass failed: Command '['/home/joshua/orca_6_1_1_avx2/orca', '--version']' returned non-zero exit status 2.
2026-07-11 15:15:20,569 [INFO] SUCCESS: ORCA 6.1.1 validated (Basis sets & Property modules OK) at: /home/joshua/orca_6_1_1_avx2/orca
2026-07-11 15:15:21,803 [INFO] SUCCESS: Binary 'mpirun' (openmpi) is present.
2026-07-11 15:15:22,713 [INFO] SUCCESS: Binary 'git' (git) is present.
2026-07-11 15:15:23,604 [WARNING] OpenMPI version is NOT 4.1.x! Automating downgrade/upgrade to 4.1.6...
2026-07-11 15:15:23,604 [WARNING] OpenMPI Mismatch: mpirun (Open MPI) 5.0.10

Report bugs to https://www.open-mpi.org/community/help/. Auto-correcting...
2026-07-11 15:17:05,337 [INFO] SUCCESS: OpenMPI automatically corrected to 4.1.6 at: /home/joshua/anaconda3/envs/ChemComp_OPI-ORCA_v3-1/bin/mpirun
2026-07-11 15:17:06,927 [INFO] SUCCESS: PyTorch & MACE-OFF23 are fully functional.
2026-07-11 15:17:07,816 [INFO] Resolution Cycle 1/4: Aligning highest compatible versions...
2026-07-11 15:17:11,026 [INFO] SUCCESS: Matrix alignment successful! Dependencies seamlessly upgraded/downgraded to optimal configurations.
2026-07-11 15:17:11,952 [INFO] SUCCESS: Dependency 'numpy' is fully functional.
2026-07-11 15:17:12,957 [INFO] SUCCESS: Dependency 'scipy' is fully functional.
2026-07-11 15:17:13,911 [INFO] SUCCESS: Dependency 'ase' is fully functional.
2026-07-11 15:17:14,869 [INFO] SUCCESS: Dependency 'networkx' is fully functional.
2026-07-11 15:17:15,770 [INFO] SUCCESS: Dependency 'psutil' is fully functional.
2026-07-11 15:17:16,658 [INFO] SUCCESS: Dependency 'tblite' is fully functional.
2026-07-11 15:17:17,546 [INFO] SUCCESS: Dependency 'tblite-python' is fully functional.
2026-07-11 15:17:18,642 [INFO] SUCCESS: Dependency 'pyscf' is fully functional.
2026-07-11 15:17:19,744 [INFO] SUCCESS: Dependency 'pyscf-dispersion' is fully functional.
2026-07-11 15:17:20,884 [INFO] SUCCESS: Dependency 'geometric' is fully functional.
2026-07-11 15:17:21,866 [INFO] SUCCESS: Dependency 'ipykernel' is fully functional.
2026-07-11 15:17:22,861 [INFO] SUCCESS: Dependency 'matplotlib' is fully functional.
2026-07-11 15:17:24,351 [INFO] SUCCESS: Dependency 'gpu4pyscf-cuda12x' is fully functional.
2026-07-11 15:17:25,265 [INFO] SUCCESS: OPI >=2.0.0 is present and functional.
2026-07-11 15:17:25,266 [INFO] Registering Kernel to Jupyter...
2026-07-11 15:17:26,358 [WARNING] OET missing or outdated (v2.0.0 lacks MACE). Enforcing strict main branch installation...
2026-07-11 15:17:26,358 [INFO] Cloning latest OET from GitHub to guarantee MACE support...
2026-07-11 15:17:26,995 [INFO] Running FACCTs Virtual Environment installer...
2026-07-11 15:17:35,084 [INFO] Injecting hardware-aware MLFF dependencies into OET VENV...
2026-07-11 15:18:34,893 [INFO] Enforcing dynamic version alignment for VENV C++ bindings...
2026-07-11 15:18:35,409 [ERROR] MACE VENV install failed: [31mERROR: Could not find a version that satisfies the requirement tblite-python (from versions: none)[0m[31m
[0m[31mERROR: No matching distribution found for tblite-python[0m[31m
[0m
2026-07-11 15:18:35,409 [ERROR] OET Import Test Error:
oet_mace binary not found in /media/joshua/Storage/OrcaJobs/Research_Computational_Chemistry/orca-external-tools/bin. The OET version installed lacks MACE support.
2026-07-11 15:18:35,409 [CRITICAL] HARD FAIL - ORCA External Tools: VENV Python Import Error:
oet_mace binary not found in /media/joshua/Storage/OrcaJobs/Research_Computational_Chemistry/orca-external-tools/bin. The OET version installed lacks MACE support.
2026-07-11 15:38:44,169 [INFO] --- NEW EXECUTION LAUNCHED ---
2026-07-11 15:38:44,169 [INFO] SUCCESS: OS Memory Allocation (Stack Size) is mathematically healthy.
2026-07-11 15:38:44,169 [INFO] SUCCESS: CPU Detected: 24 threads available
2026-07-11 15:38:44,169 [INFO] SUCCESS: Memory Detected: 62.55 GB available
2026-07-11 15:38:44,211 [INFO] SUCCESS: CUDA Host Version: 13.2 (Routing to PyTorch wheel cu124)
2026-07-11 15:38:44,211 [INFO] SUCCESS: GPU Detected: NVIDIA Architecture
2026-07-11 15:38:44,221 [INFO] Fast-Pass failed: Command '['/home/joshua/orca_6_1_1_avx2/orca', '--version']' returned non-zero exit status 2.
2026-07-11 15:38:44,818 [INFO] SUCCESS: ORCA 6.1.1 validated (Basis sets & Property modules OK) at: /home/joshua/orca_6_1_1_avx2/orca
2026-07-11 15:38:45,989 [INFO] SUCCESS: Binary 'mpirun' (openmpi) is present.
2026-07-11 15:38:46,860 [INFO] SUCCESS: Binary 'git' (git) is present.
2026-07-11 15:38:47,751 [WARNING] OpenMPI version is NOT 4.1.x! Automating downgrade/upgrade to 4.1.6...
2026-07-11 15:38:47,751 [WARNING] OpenMPI Mismatch: mpirun (Open MPI) 5.0.10

Report bugs to https://www.open-mpi.org/community/help/. Auto-correcting...
2026-07-11 15:40:27,074 [INFO] SUCCESS: OpenMPI automatically corrected to 4.1.6 at: /home/joshua/anaconda3/envs/ChemComp_OPI-ORCA_v3-1/bin/mpirun
2026-07-11 15:40:28,662 [INFO] SUCCESS: PyTorch & MACE-OFF23 are fully functional.
2026-07-11 15:40:29,550 [INFO] Resolution Cycle 1/4: Aligning highest compatible versions...
2026-07-11 15:40:37,264 [INFO] SUCCESS: Matrix alignment successful! Dependencies seamlessly upgraded/downgraded to optimal configurations.
2026-07-11 15:40:38,244 [INFO] SUCCESS: Dependency 'numpy==1.26.4' is fully functional.
2026-07-11 15:40:39,191 [INFO] SUCCESS: Dependency 'scipy==1.13.1' is fully functional.
2026-07-11 15:40:40,138 [INFO] SUCCESS: Dependency 'ase==3.23.0' is fully functional.
2026-07-11 15:40:41,093 [INFO] SUCCESS: Dependency 'networkx==3.3' is fully functional.
2026-07-11 15:40:42,016 [INFO] SUCCESS: Dependency 'psutil==5.9.8' is fully functional.
2026-07-11 15:40:42,923 [INFO] SUCCESS: Dependency 'tblite==0.3.0' is fully functional.
2026-07-11 15:40:44,073 [INFO] SUCCESS: Dependency 'pyscf==2.6.2' is fully functional.
2026-07-11 15:40:45,254 [INFO] SUCCESS: Dependency 'pyscf-dispersion==0.5.0' is fully functional.
2026-07-11 15:40:46,446 [INFO] SUCCESS: Dependency 'geometric==1.0.2' is fully functional.
2026-07-11 15:48:29,230 [INFO] --- NEW EXECUTION LAUNCHED ---
2026-07-11 15:48:29,230 [INFO] SUCCESS: OS Memory Allocation (Stack Size) is mathematically healthy.
2026-07-11 15:48:29,230 [INFO] SUCCESS: CPU Detected: 24 threads available
2026-07-11 15:48:29,230 [INFO] SUCCESS: Memory Detected: 62.55 GB available
2026-07-11 15:48:29,272 [INFO] SUCCESS: CUDA Host Version: 13.2 (Routing to PyTorch wheel cu124)
2026-07-11 15:48:29,272 [INFO] SUCCESS: GPU Detected: NVIDIA Architecture
2026-07-11 15:48:29,282 [INFO] Fast-Pass failed: Command '['/home/joshua/orca_6_1_1_avx2/orca', '--version']' returned non-zero exit status 2.
2026-07-11 15:48:29,858 [INFO] SUCCESS: ORCA 6.1.1 validated (Basis sets & Property modules OK) at: /home/joshua/orca_6_1_1_avx2/orca
2026-07-11 15:48:31,043 [INFO] SUCCESS: Binary 'mpirun' (openmpi) is present.
2026-07-11 15:48:31,929 [INFO] SUCCESS: Binary 'git' (git) is present.
2026-07-11 15:48:32,822 [WARNING] OpenMPI version is NOT 4.1.x! Automating downgrade/upgrade to 4.1.6...
2026-07-11 15:48:32,822 [WARNING] OpenMPI Mismatch: mpirun (Open MPI) 5.0.10

Report bugs to https://www.open-mpi.org/community/help/. Auto-correcting...
2026-07-11 15:50:14,739 [INFO] SUCCESS: OpenMPI automatically corrected to 4.1.6 at: /home/joshua/anaconda3/envs/ChemComp_OPI-ORCA_v3-1/bin/mpirun
2026-07-11 15:50:16,351 [INFO] SUCCESS: PyTorch & MACE-OFF23 are fully functional.
2026-07-11 15:50:17,246 [INFO] Resolution Cycle 1/4: Aligning highest compatible versions...
2026-07-11 15:50:20,803 [INFO] SUCCESS: Matrix alignment successful! Dependencies seamlessly upgraded/downgraded to optimal configurations.
2026-07-11 15:50:21,740 [INFO] SUCCESS: Dependency 'numpy==1.26.4' is fully functional.
2026-07-11 15:50:22,706 [INFO] SUCCESS: Dependency 'scipy==1.13.1' is fully functional.
2026-07-11 15:50:23,688 [INFO] SUCCESS: Dependency 'ase==3.23.0' is fully functional.
2026-07-11 15:50:24,645 [INFO] SUCCESS: Dependency 'networkx==3.3' is fully functional.
2026-07-11 15:50:25,558 [INFO] SUCCESS: Dependency 'psutil==5.9.8' is fully functional.
2026-07-11 15:50:26,471 [INFO] SUCCESS: Dependency 'tblite==0.3.0' is fully functional.
2026-07-11 15:50:27,632 [INFO] SUCCESS: Dependency 'pyscf==2.6.2' is fully functional.
2026-07-11 15:50:28,830 [INFO] SUCCESS: Dependency 'pyscf-dispersion==0.5.0' is fully functional.
2026-07-11 15:50:30,027 [INFO] SUCCESS: Dependency 'geometric==1.0.2' is fully functional.
2026-07-11 15:52:23,167 [INFO] --- NEW EXECUTION LAUNCHED ---
2026-07-11 15:52:23,167 [INFO] SUCCESS: Dynamically expanded OS Stack Size (ulimit -s) to maximum allowed.
2026-07-11 15:52:23,167 [INFO] Dynamically updated ulimit -s from 8388608 to -1
2026-07-11 15:52:23,167 [INFO] SUCCESS: CPU Detected: 24 threads available
2026-07-11 15:52:23,167 [INFO] SUCCESS: Memory Detected: 62.55 GB available
2026-07-11 15:52:23,212 [INFO] SUCCESS: CUDA Host Version: 13.2 (Routing to PyTorch wheel cu124)
2026-07-11 15:52:23,212 [INFO] SUCCESS: GPU Detected: NVIDIA Architecture
2026-07-11 15:52:23,221 [INFO] Fast-Pass failed: Command '['/home/joshua/orca_6_1_1_avx2/orca', '--version']' returned non-zero exit status 2.
2026-07-11 15:52:23,771 [INFO] SUCCESS: ORCA 6.1.1 validated (Basis sets & Property modules OK) at: /home/joshua/orca_6_1_1_avx2/orca
2026-07-11 15:52:24,962 [INFO] SUCCESS: Binary 'mpirun' (openmpi) is present.
2026-07-11 15:52:25,845 [INFO] SUCCESS: Binary 'git' (git) is present.
2026-07-11 15:52:26,726 [WARNING] OpenMPI version is NOT 4.1.x! Automating downgrade/upgrade to 4.1.6...
2026-07-11 15:52:26,726 [WARNING] OpenMPI Mismatch: mpirun (Open MPI) 5.0.10

Report bugs to https://www.open-mpi.org/community/help/. Auto-correcting...
2026-07-11 15:54:33,254 [INFO] --- NEW EXECUTION LAUNCHED ---
2026-07-11 15:54:33,254 [INFO] SUCCESS: Dynamically expanded OS Stack Size (ulimit -s) to maximum allowed.
2026-07-11 15:54:33,255 [INFO] Dynamically updated ulimit -s from 8388608 to -1
2026-07-11 15:54:33,255 [INFO] SUCCESS: CPU Detected: 24 threads available
2026-07-11 15:54:33,255 [INFO] SUCCESS: Memory Detected: 62.55 GB available
2026-07-11 15:54:33,310 [INFO] SUCCESS: CUDA Host Version: 13.2 (Routing to PyTorch wheel cu124)
2026-07-11 15:54:33,311 [INFO] SUCCESS: GPU Detected: NVIDIA Architecture
2026-07-11 15:54:33,323 [INFO] Fast-Pass failed: Command '['/home/joshua/orca_6_1_1_avx2/orca', '--version']' returned non-zero exit status 2.
2026-07-11 15:54:33,868 [INFO] SUCCESS: ORCA 6.1.1 validated (Basis sets & Property modules OK) at: /home/joshua/orca_6_1_1_avx2/orca
2026-07-11 15:54:35,050 [INFO] SUCCESS: Binary 'mpirun' (openmpi) is present.
2026-07-11 15:54:35,922 [INFO] SUCCESS: Binary 'git' (git) is present.
2026-07-11 15:54:36,804 [WARNING] OpenMPI version is NOT 4.1.x! Automating downgrade/upgrade to 4.1.6...
2026-07-11 15:54:36,804 [WARNING] OpenMPI Mismatch: mpirun (Open MPI) 5.0.10

Report bugs to https://www.open-mpi.org/community/help/. Auto-correcting...
2026-07-11 15:56:17,639 [INFO] SUCCESS: OpenMPI automatically corrected to 4.1.6 at: /home/joshua/anaconda3/envs/ChemComp_OPI-ORCA_v3-1/bin/mpirun
2026-07-11 15:56:19,227 [INFO] SUCCESS: PyTorch & MACE-OFF23 are fully functional.
2026-07-11 15:56:20,121 [INFO] Resolution Cycle 1/4: Aligning highest compatible versions...
2026-07-11 15:56:23,577 [INFO] SUCCESS: Matrix alignment successful! Dependencies seamlessly upgraded/downgraded to optimal configurations.
2026-07-11 15:56:24,543 [INFO] SUCCESS: Dependency 'numpy==1.26.4' is fully functional.
2026-07-11 15:56:25,483 [INFO] SUCCESS: Dependency 'scipy==1.13.1' is fully functional.
2026-07-11 15:56:26,456 [INFO] SUCCESS: Dependency 'ase==3.23.0' is fully functional.
2026-07-11 15:56:27,416 [INFO] SUCCESS: Dependency 'networkx==3.3' is fully functional.
2026-07-11 15:56:28,299 [INFO] SUCCESS: Dependency 'psutil==5.9.8' is fully functional.
2026-07-11 15:56:29,221 [INFO] SUCCESS: Dependency 'tblite==0.3.0' is fully functional.
2026-07-11 15:56:30,429 [INFO] SUCCESS: Dependency 'pyscf==2.6.2' is fully functional.
2026-07-11 15:56:31,565 [INFO] SUCCESS: Dependency 'pyscf-dispersion==0.5.0' is fully functional.
2026-07-11 15:56:32,752 [INFO] SUCCESS: Dependency 'geometric==1.0.2' is fully functional.
2026-07-11 15:57:51,872 [INFO] --- NEW EXECUTION LAUNCHED ---
2026-07-11 15:57:51,872 [INFO] SUCCESS: OS Memory Allocation (Stack Size) is mathematically healthy.
2026-07-11 15:57:51,873 [INFO] SUCCESS: CPU Detected: 24 threads available
2026-07-11 15:57:51,873 [INFO] SUCCESS: Memory Detected: 62.55 GB available
2026-07-11 15:57:51,916 [INFO] SUCCESS: CUDA Host Version: 13.2 (Routing to PyTorch wheel cu124)
2026-07-11 15:57:51,916 [INFO] SUCCESS: GPU Detected: NVIDIA Architecture
2026-07-11 15:57:51,926 [INFO] Fast-Pass failed: Command '['/home/joshua/orca_6_1_1_avx2/orca', '--version']' returned non-zero exit status 2.
2026-07-11 15:57:52,468 [INFO] SUCCESS: ORCA 6.1.1 validated (Basis sets & Property modules OK) at: /home/joshua/orca_6_1_1_avx2/orca
2026-07-11 15:57:53,675 [INFO] SUCCESS: Binary 'mpirun' (openmpi) is present.
2026-07-11 15:57:54,573 [INFO] SUCCESS: Binary 'git' (git) is present.
2026-07-11 15:57:55,480 [WARNING] OpenMPI version is NOT 4.1.x! Automating downgrade/upgrade to 4.1.6...
2026-07-11 15:57:55,480 [WARNING] OpenMPI Mismatch: mpirun (Open MPI) 5.0.10

Report bugs to https://www.open-mpi.org/community/help/. Auto-correcting...
2026-07-11 15:59:38,547 [INFO] SUCCESS: OpenMPI automatically corrected to 4.1.6 at: /home/joshua/anaconda3/envs/ChemComp_OPI-ORCA_v3-1/bin/mpirun
2026-07-11 15:59:40,141 [INFO] SUCCESS: PyTorch & MACE-OFF23 are fully functional.
2026-07-11 15:59:41,062 [INFO] Resolution Cycle 1/4: Aligning highest compatible versions...
2026-07-11 15:59:44,601 [INFO] SUCCESS: Matrix alignment successful! Dependencies seamlessly upgraded/downgraded to optimal configurations.
2026-07-11 15:59:45,561 [INFO] SUCCESS: Dependency 'numpy==1.26.4' is fully functional.
2026-07-11 15:59:46,537 [INFO] SUCCESS: Dependency 'scipy==1.13.1' is fully functional.
2026-07-11 15:59:47,486 [INFO] SUCCESS: Dependency 'ase==3.23.0' is fully functional.
2026-07-11 15:59:48,463 [INFO] SUCCESS: Dependency 'networkx==3.3' is fully functional.
2026-07-11 15:59:49,362 [INFO] SUCCESS: Dependency 'psutil==5.9.8' is fully functional.
2026-07-11 15:59:50,290 [INFO] SUCCESS: Dependency 'tblite==0.3.0' is fully functional.
2026-07-11 15:59:51,474 [INFO] SUCCESS: Dependency 'pyscf==2.6.2' is fully functional.
2026-07-11 15:59:52,723 [INFO] SUCCESS: Dependency 'pyscf-dispersion==0.5.0' is fully functional.
2026-07-11 15:59:53,971 [INFO] SUCCESS: Dependency 'geometric==1.0.2' is fully functional.
2026-07-11 16:01:33,758 [INFO] --- NEW EXECUTION LAUNCHED ---
2026-07-11 16:01:33,758 [INFO] SUCCESS: Dynamically expanded OS Stack Size (ulimit -s) to maximum allowed.
2026-07-11 16:01:33,758 [INFO] Dynamically updated ulimit -s from 8388608 to -1
2026-07-11 16:01:33,759 [INFO] SUCCESS: CPU Detected: 24 threads available
2026-07-11 16:01:33,759 [INFO] SUCCESS: Memory Detected: 62.55 GB available
2026-07-11 16:01:33,801 [INFO] SUCCESS: CUDA Host Version: 13.2 (Routing to PyTorch wheel cu124)
2026-07-11 16:01:33,801 [INFO] SUCCESS: GPU Detected: NVIDIA Architecture
2026-07-11 16:01:33,810 [INFO] Fast-Pass failed: Command '['/home/joshua/orca_6_1_1_avx2/orca', '--version']' returned non-zero exit status 2.
2026-07-11 16:01:34,363 [INFO] SUCCESS: ORCA 6.1.1 validated (Basis sets & Property modules OK) at: /home/joshua/orca_6_1_1_avx2/orca
2026-07-11 16:01:35,550 [INFO] SUCCESS: Binary 'mpirun' (openmpi) is present.
2026-07-11 16:01:36,429 [INFO] SUCCESS: Binary 'git' (git) is present.
2026-07-11 16:01:37,321 [WARNING] OpenMPI version is NOT 4.1.x! Automating downgrade/upgrade to 4.1.6...
2026-07-11 16:01:37,322 [WARNING] OpenMPI Mismatch: mpirun (Open MPI) 5.0.10

Report bugs to https://www.open-mpi.org/community/help/. Auto-correcting...
2026-07-11 16:03:21,785 [INFO] SUCCESS: OpenMPI automatically corrected to 4.1.6 at: /home/joshua/anaconda3/envs/ChemComp_OPI-ORCA_v3-1/bin/mpirun
2026-07-11 16:03:23,377 [INFO] SUCCESS: PyTorch & MACE-OFF23 are fully functional.
2026-07-11 16:03:24,284 [INFO] Resolution Cycle 1/4: Aligning highest compatible versions...
2026-07-11 16:03:27,751 [INFO] SUCCESS: Matrix alignment successful! Dependencies seamlessly upgraded/downgraded to optimal configurations.
2026-07-11 16:03:28,714 [INFO] SUCCESS: Dependency 'numpy==1.26.4' is fully functional.
2026-07-11 16:03:29,680 [INFO] SUCCESS: Dependency 'scipy==1.13.1' is fully functional.
2026-07-11 16:03:30,652 [INFO] SUCCESS: Dependency 'ase==3.23.0' is fully functional.
2026-07-11 16:03:31,608 [INFO] SUCCESS: Dependency 'networkx==3.3' is fully functional.
2026-07-11 16:03:32,506 [INFO] SUCCESS: Dependency 'psutil==5.9.8' is fully functional.
2026-07-11 16:03:33,396 [INFO] SUCCESS: Dependency 'tblite==0.3.0' is fully functional.
2026-07-11 16:03:34,580 [INFO] SUCCESS: Dependency 'pyscf==2.6.2' is fully functional.
2026-07-11 16:03:35,781 [INFO] SUCCESS: Dependency 'pyscf-dispersion==0.5.0' is fully functional.
2026-07-11 16:03:36,965 [INFO] SUCCESS: Dependency 'geometric==1.0.2' is fully functional.
2026-07-11 16:04:55,877 [INFO] --- NEW EXECUTION LAUNCHED ---
2026-07-11 16:04:55,878 [INFO] SUCCESS: OS Memory Allocation (Stack Size) is mathematically healthy.
2026-07-11 16:04:55,878 [INFO] SUCCESS: CPU Detected: 24 threads available
2026-07-11 16:04:55,878 [INFO] SUCCESS: Memory Detected: 62.55 GB available
2026-07-11 16:04:55,920 [INFO] SUCCESS: CUDA Host Version: 13.2 (Routing to PyTorch wheel cu124)
2026-07-11 16:04:55,920 [INFO] SUCCESS: GPU Detected: NVIDIA Architecture
2026-07-11 16:04:55,931 [INFO] Fast-Pass failed: Command '['/home/joshua/orca_6_1_1_avx2/orca', '--version']' returned non-zero exit status 2.
2026-07-11 16:04:56,508 [INFO] SUCCESS: ORCA 6.1.1 validated (Basis sets & Property modules OK) at: /home/joshua/orca_6_1_1_avx2/orca
2026-07-11 16:04:57,719 [INFO] SUCCESS: Binary 'mpirun' (openmpi) is present.
2026-07-11 16:04:58,746 [INFO] SUCCESS: Binary 'git' (git) is present.
2026-07-11 16:04:59,791 [WARNING] OpenMPI version is NOT 4.1.x! Automating downgrade/upgrade to 4.1.6...
2026-07-11 16:04:59,791 [WARNING] OpenMPI Mismatch: mpirun (Open MPI) 5.0.10

Report bugs to https://www.open-mpi.org/community/help/. Auto-correcting...
2026-07-11 16:06:44,253 [INFO] SUCCESS: OpenMPI automatically corrected to 4.1.6 at: /home/joshua/anaconda3/envs/ChemComp_OPI-ORCA_v3-1/bin/mpirun
2026-07-11 16:06:45,854 [INFO] SUCCESS: PyTorch & MACE-OFF23 are fully functional.
2026-07-11 16:06:46,759 [INFO] Resolution Cycle 1/4: Aligning highest compatible versions...
2026-07-11 16:06:50,295 [INFO] SUCCESS: Matrix alignment successful! Dependencies seamlessly upgraded/downgraded to optimal configurations.
2026-07-11 16:06:51,228 [INFO] SUCCESS: Dependency 'numpy==1.26.4' is fully functional.
2026-07-11 16:06:52,191 [INFO] SUCCESS: Dependency 'scipy==1.13.1' is fully functional.
2026-07-11 16:06:53,162 [INFO] SUCCESS: Dependency 'ase==3.23.0' is fully functional.
2026-07-11 16:06:54,126 [INFO] SUCCESS: Dependency 'networkx==3.3' is fully functional.
2026-07-11 16:06:55,031 [INFO] SUCCESS: Dependency 'psutil==5.9.8' is fully functional.
2026-07-11 16:06:55,934 [INFO] SUCCESS: Dependency 'tblite==0.3.0' is fully functional.
2026-07-11 16:06:57,102 [INFO] SUCCESS: Dependency 'pyscf==2.6.2' is fully functional.
2026-07-11 16:06:58,293 [INFO] SUCCESS: Dependency 'pyscf-dispersion==0.5.0' is fully functional.
2026-07-11 16:06:59,496 [INFO] SUCCESS: Dependency 'geometric==1.0.2' is fully functional.
2026-07-11 16:07:00,457 [INFO] SUCCESS: Dependency 'ipykernel' is fully functional.
2026-07-11 16:07:01,470 [INFO] SUCCESS: Dependency 'matplotlib==3.9.0' is fully functional.
2026-07-11 16:07:03,083 [INFO] SUCCESS: Dependency 'gpu4pyscf-cuda12x' is fully functional.
2026-07-11 16:07:04,001 [INFO] SUCCESS: OPI >=2.0.0 is present and functional.
2026-07-11 16:07:04,002 [INFO] Registering Kernel to Jupyter...
2026-07-11 16:07:05,091 [WARNING] OET missing or outdated (v2.0.0 lacks MACE). Enforcing strict main branch installation...
2026-07-11 16:07:05,951 [INFO] Cloning latest OET from GitHub to guarantee MACE support...
2026-07-11 16:07:06,779 [INFO] Running FACCTs Virtual Environment installer...
2026-07-11 16:07:14,789 [INFO] Injecting hardware-aware MLFF dependencies into OET VENV...
2026-07-11 16:08:15,880 [INFO] Enforcing dynamic version alignment for VENV C++ bindings...
2026-07-11 16:09:54,210 [ERROR] OET Import Test Error:
oet_mace binary not found in /media/joshua/Storage/OrcaJobs/Research_Computational_Chemistry/orca-external-tools/bin. The OET version installed lacks MACE support.
2026-07-11 16:09:54,210 [CRITICAL] HARD FAIL - ORCA External Tools: VENV Python Import Error:
oet_mace binary not found in /media/joshua/Storage/OrcaJobs/Research_Computational_Chemistry/orca-external-tools/bin. The OET version installed lacks MACE support.
2026-07-11 19:57:04,107 [INFO] --- NEW EXECUTION LAUNCHED ---
2026-07-11 19:57:04,115 [INFO] SUCCESS: OS Memory Allocation (Stack Size) is mathematically healthy.
2026-07-11 19:57:04,115 [INFO] SUCCESS: CPU Detected: 24 threads available
2026-07-11 19:57:04,115 [INFO] SUCCESS: Memory Detected: 62.55 GB available
2026-07-11 19:57:04,161 [INFO] SUCCESS: CUDA Host Version: 13.2 (Routing to PyTorch wheel cu124)
2026-07-11 19:57:04,161 [INFO] SUCCESS: GPU Detected: NVIDIA Architecture
2026-07-11 19:57:04,209 [INFO] Fast-Pass failed: Command '['/home/joshua/orca_6_1_1_avx2/orca', '--version']' returned non-zero exit status 2.
2026-07-11 19:57:04,867 [INFO] SUCCESS: ORCA 6.1.1 validated (Basis sets & Property modules OK) at: /home/joshua/orca_6_1_1_avx2/orca
2026-07-11 19:57:05,180 [INFO] Constructing Python 3.11 environment...
2026-07-11 19:57:21,109 [WARNING] 'openmpi' missing. Attempting automated Conda install...
2026-07-11 19:57:33,445 [INFO] SUCCESS: 'openmpi' successfully installed and verified.
2026-07-11 19:57:34,327 [INFO] SUCCESS: Binary 'git' (git) is present.
2026-07-11 19:57:35,211 [WARNING] OpenMPI version is NOT 4.1.x! Automating downgrade/upgrade to 4.1.6...
2026-07-11 19:57:35,212 [WARNING] OpenMPI Mismatch: mpirun (Open MPI) 5.0.10

Report bugs to https://www.open-mpi.org/community/help/. Auto-correcting...
2026-07-11 19:57:46,418 [INFO] SUCCESS: OpenMPI automatically corrected to 4.1.6 at: /home/joshua/anaconda3/envs/TOPOS/bin/mpirun
2026-07-11 19:57:47,317 [WARNING] PyTorch/MACE missing or broken. Attempting hardware-aware install...
2026-07-11 19:57:47,317 [INFO] Upgrading pip to prepare for MLFFs...
2026-07-11 19:58:25,024 [INFO] Installing MACE via PyPI...
2026-07-11 19:58:37,310 [INFO] SUCCESS: PyTorch & MACE-OFF23 successfully installed and verified.
2026-07-11 19:58:38,191 [INFO] Resolution Cycle 1/4: Aligning highest compatible versions...
2026-07-11 19:58:52,331 [INFO] SUCCESS: Matrix alignment successful! Dependencies seamlessly upgraded/downgraded to optimal configurations.
2026-07-11 19:58:53,279 [INFO] SUCCESS: Dependency 'numpy==1.26.4' is fully functional.
2026-07-11 19:58:54,219 [INFO] SUCCESS: Dependency 'scipy==1.13.1' is fully functional.
2026-07-11 19:58:55,158 [INFO] SUCCESS: Dependency 'ase==3.23.0' is fully functional.
2026-07-11 19:58:56,101 [INFO] SUCCESS: Dependency 'networkx==3.3' is fully functional.
2026-07-11 19:58:56,997 [INFO] SUCCESS: Dependency 'psutil==5.9.8' is fully functional.
2026-07-11 19:58:57,880 [INFO] SUCCESS: Dependency 'tblite==0.3.0' is fully functional.
2026-07-11 19:58:59,020 [INFO] SUCCESS: Dependency 'pyscf==2.6.2' is fully functional.
2026-07-11 19:59:00,188 [INFO] SUCCESS: Dependency 'pyscf-dispersion==0.5.0' is fully functional.
2026-07-11 19:59:01,360 [INFO] SUCCESS: Dependency 'geometric==1.0.2' is fully functional.
2026-07-11 20:00:08,400 [INFO] --- NEW EXECUTION LAUNCHED ---
2026-07-11 20:00:08,400 [INFO] SUCCESS: OS Memory Allocation (Stack Size) is mathematically healthy.
2026-07-11 20:00:08,400 [INFO] SUCCESS: CPU Detected: 24 threads available
2026-07-11 20:00:08,400 [INFO] SUCCESS: Memory Detected: 62.55 GB available
2026-07-11 20:00:08,448 [INFO] SUCCESS: CUDA Host Version: 13.2 (Routing to PyTorch wheel cu124)
2026-07-11 20:00:08,448 [INFO] SUCCESS: GPU Detected: NVIDIA Architecture
2026-07-11 20:00:08,456 [INFO] Fast-Pass failed: Command '['/home/joshua/orca_6_1_1_avx2/orca', '--version']' returned non-zero exit status 2.
2026-07-11 20:00:09,048 [INFO] SUCCESS: ORCA 6.1.1 validated (Basis sets & Property modules OK) at: /home/joshua/orca_6_1_1_avx2/orca
2026-07-11 20:00:10,220 [INFO] SUCCESS: Binary 'mpirun' (openmpi) is present.
2026-07-11 20:00:11,105 [INFO] SUCCESS: Binary 'git' (git) is present.
2026-07-11 20:00:11,987 [INFO] SUCCESS: OpenMPI 4.1.x Strictly Verified (ORCA 6.1.1 Optimal) at: /home/joshua/anaconda3/envs/TOPOS/bin/mpirun
2026-07-11 20:00:13,600 [INFO] SUCCESS: PyTorch & MACE-OFF23 are fully functional.
2026-07-11 20:00:14,490 [INFO] Resolution Cycle 1/4: Aligning highest compatible versions...
2026-07-11 20:00:17,934 [INFO] SUCCESS: Matrix alignment successful! Dependencies seamlessly upgraded/downgraded to optimal configurations.
2026-07-11 20:00:18,886 [INFO] SUCCESS: Dependency 'numpy==1.26.4' is fully functional.
2026-07-11 20:00:19,834 [INFO] SUCCESS: Dependency 'scipy==1.13.1' is fully functional.
2026-07-11 20:00:20,776 [INFO] SUCCESS: Dependency 'ase==3.23.0' is fully functional.
2026-07-11 20:00:21,723 [INFO] SUCCESS: Dependency 'networkx==3.3' is fully functional.
2026-07-11 20:00:22,625 [INFO] SUCCESS: Dependency 'psutil==5.9.8' is fully functional.
2026-07-11 20:00:23,526 [INFO] SUCCESS: Dependency 'tblite==0.3.0' is fully functional.
2026-07-11 20:00:24,686 [INFO] SUCCESS: Dependency 'pyscf==2.6.2' is fully functional.
2026-07-11 20:00:25,871 [INFO] SUCCESS: Dependency 'pyscf-dispersion==0.5.0' is fully functional.
2026-07-11 20:00:27,060 [INFO] SUCCESS: Dependency 'geometric==1.0.2' is fully functional.
2026-07-11 20:03:45,986 [INFO] --- NEW EXECUTION LAUNCHED ---
2026-07-11 20:03:45,986 [INFO] SUCCESS: OS Memory Allocation (Stack Size) is mathematically healthy.
2026-07-11 20:03:45,986 [INFO] SUCCESS: CPU Detected: 24 threads available
2026-07-11 20:03:45,987 [INFO] SUCCESS: Memory Detected: 62.55 GB available
2026-07-11 20:03:46,032 [INFO] SUCCESS: CUDA Host Version: 13.2 (Routing to PyTorch wheel cu124)
2026-07-11 20:03:46,032 [INFO] SUCCESS: GPU Detected: NVIDIA Architecture
2026-07-11 20:03:46,041 [INFO] Fast-Pass failed: Command '['/home/joshua/orca_6_1_1_avx2/orca', '--version']' returned non-zero exit status 2.
2026-07-11 20:03:46,599 [INFO] SUCCESS: ORCA 6.1.1 validated (Basis sets & Property modules OK) at: /home/joshua/orca_6_1_1_avx2/orca
2026-07-11 20:03:47,799 [INFO] SUCCESS: Binary 'mpirun' (openmpi) is present.
2026-07-11 20:03:48,711 [INFO] SUCCESS: Binary 'git' (git) is present.
2026-07-11 20:03:49,609 [INFO] SUCCESS: OpenMPI 4.1.x Strictly Verified (ORCA 6.1.1 Optimal) at: /home/joshua/anaconda3/envs/TOPOS/bin/mpirun
2026-07-11 20:03:51,281 [INFO] SUCCESS: PyTorch & MACE-OFF23 are fully functional.
2026-07-11 20:03:52,172 [INFO] Resolution Cycle 1/4: Aligning highest compatible versions...
2026-07-11 20:03:55,693 [INFO] SUCCESS: Matrix alignment successful! Dependencies seamlessly upgraded/downgraded to optimal configurations.
2026-07-11 20:03:56,631 [INFO] SUCCESS: Dependency 'numpy==1.26.4' is fully functional.
2026-07-11 20:03:57,572 [INFO] SUCCESS: Dependency 'scipy==1.13.1' is fully functional.
2026-07-11 20:03:58,528 [INFO] SUCCESS: Dependency 'ase==3.23.0' is fully functional.
2026-07-11 20:03:59,475 [INFO] SUCCESS: Dependency 'networkx==3.3' is fully functional.
2026-07-11 20:04:00,374 [INFO] SUCCESS: Dependency 'psutil==5.9.8' is fully functional.
2026-07-11 20:04:01,269 [INFO] SUCCESS: Dependency 'tblite==0.3.0' is fully functional.
2026-07-11 20:04:02,442 [INFO] SUCCESS: Dependency 'pyscf==2.6.2' is fully functional.
2026-07-11 20:04:03,613 [INFO] SUCCESS: Dependency 'pyscf-dispersion==0.5.0' is fully functional.
2026-07-11 20:04:04,794 [INFO] SUCCESS: Dependency 'geometric==1.0.2' is fully functional.
2026-07-11 20:09:05,045 [INFO] --- NEW EXECUTION LAUNCHED ---
2026-07-11 20:09:05,045 [INFO] SUCCESS: OS Memory Allocation (Stack Size) is mathematically healthy.
2026-07-11 20:09:05,045 [INFO] SUCCESS: CPU Detected: 24 threads available
2026-07-11 20:09:05,045 [INFO] SUCCESS: Memory Detected: 62.55 GB available
2026-07-11 20:09:05,112 [INFO] SUCCESS: CUDA Host Version: 13.2 (Routing to PyTorch wheel cu124)
2026-07-11 20:09:05,112 [INFO] SUCCESS: GPU Detected: NVIDIA Architecture
2026-07-11 20:09:05,121 [INFO] Fast-Pass failed: Command '['/home/joshua/orca_6_1_1_avx2/orca', '--version']' returned non-zero exit status 2.
2026-07-11 20:09:05,712 [INFO] SUCCESS: ORCA 6.1.1 validated (Basis sets & Property modules OK) at: /home/joshua/orca_6_1_1_avx2/orca
2026-07-11 20:09:06,894 [INFO] SUCCESS: Binary 'mpirun' (openmpi) is present.
2026-07-11 20:09:07,779 [INFO] SUCCESS: Binary 'git' (git) is present.
2026-07-11 20:09:08,675 [INFO] SUCCESS: OpenMPI 4.1.x Strictly Verified (ORCA 6.1.1 Optimal) at: /home/joshua/anaconda3/envs/TOPOS/bin/mpirun
2026-07-11 20:09:10,813 [INFO] SUCCESS: PyTorch & MACE-OFF23 are fully functional.
2026-07-11 20:09:11,715 [INFO] Resolution Cycle 1/4: Aligning highest compatible versions...
2026-07-11 20:09:15,277 [INFO] SUCCESS: Matrix alignment successful! Dependencies seamlessly upgraded/downgraded to optimal configurations.
2026-07-11 20:09:16,218 [INFO] SUCCESS: Dependency 'numpy==1.26.4' is fully functional.
2026-07-11 20:09:17,158 [INFO] SUCCESS: Dependency 'scipy==1.13.1' is fully functional.
2026-07-11 20:09:18,099 [INFO] SUCCESS: Dependency 'ase==3.23.0' is fully functional.
2026-07-11 20:09:19,068 [INFO] SUCCESS: Dependency 'networkx==3.3' is fully functional.
2026-07-11 20:09:19,962 [INFO] SUCCESS: Dependency 'psutil==5.9.8' is fully functional.
2026-07-11 20:09:20,834 [INFO] SUCCESS: Dependency 'tblite==0.3.0' is fully functional.
2026-07-11 20:09:33,544 [INFO] --- NEW EXECUTION LAUNCHED ---
2026-07-11 20:09:33,544 [INFO] SUCCESS: OS Memory Allocation (Stack Size) is mathematically healthy.
2026-07-11 20:09:33,544 [INFO] SUCCESS: CPU Detected: 24 threads available
2026-07-11 20:09:33,545 [INFO] SUCCESS: Memory Detected: 62.55 GB available
2026-07-11 20:09:33,589 [INFO] SUCCESS: CUDA Host Version: 13.2 (Routing to PyTorch wheel cu124)
2026-07-11 20:09:33,589 [INFO] SUCCESS: GPU Detected: NVIDIA Architecture
2026-07-11 20:09:33,598 [INFO] Fast-Pass failed: Command '['/home/joshua/orca_6_1_1_avx2/orca', '--version']' returned non-zero exit status 2.
2026-07-11 20:09:34,175 [INFO] SUCCESS: ORCA 6.1.1 validated (Basis sets & Property modules OK) at: /home/joshua/orca_6_1_1_avx2/orca
2026-07-11 20:09:35,363 [INFO] SUCCESS: Binary 'mpirun' (openmpi) is present.
2026-07-11 20:09:36,247 [INFO] SUCCESS: Binary 'git' (git) is present.
2026-07-11 20:09:37,137 [INFO] SUCCESS: OpenMPI 4.1.x Strictly Verified (ORCA 6.1.1 Optimal) at: /home/joshua/anaconda3/envs/TOPOS/bin/mpirun
2026-07-11 20:09:38,768 [INFO] SUCCESS: PyTorch & MACE-OFF23 are fully functional.
2026-07-11 20:09:39,675 [INFO] Resolution Cycle 1/4: Aligning highest compatible versions...
2026-07-11 20:09:43,182 [INFO] SUCCESS: Matrix alignment successful! Dependencies seamlessly upgraded/downgraded to optimal configurations.
2026-07-11 20:09:44,161 [INFO] SUCCESS: Dependency 'numpy==1.26.4' is fully functional.
2026-07-11 20:09:45,126 [INFO] SUCCESS: Dependency 'scipy==1.13.1' is fully functional.
2026-07-11 20:09:46,086 [INFO] SUCCESS: Dependency 'ase==3.23.0' is fully functional.
2026-07-11 20:09:47,047 [INFO] SUCCESS: Dependency 'networkx==3.3' is fully functional.
2026-07-11 20:09:47,951 [INFO] SUCCESS: Dependency 'psutil==5.9.8' is fully functional.
2026-07-11 20:09:48,848 [INFO] SUCCESS: Dependency 'tblite==0.3.0' is fully functional.
2026-07-11 20:09:50,042 [INFO] SUCCESS: Dependency 'pyscf==2.6.2' is fully functional.
2026-07-11 20:09:51,240 [INFO] SUCCESS: Dependency 'pyscf-dispersion==0.5.0' is fully functional.
2026-07-11 20:09:52,444 [INFO] SUCCESS: Dependency 'geometric==1.0.2' is fully functional.
2026-07-11 20:10:02,723 [INFO] --- NEW EXECUTION LAUNCHED ---
2026-07-11 20:10:02,723 [INFO] SUCCESS: OS Memory Allocation (Stack Size) is mathematically healthy.
2026-07-11 20:10:02,723 [INFO] SUCCESS: CPU Detected: 24 threads available
2026-07-11 20:10:02,723 [INFO] SUCCESS: Memory Detected: 62.55 GB available
2026-07-11 20:10:02,765 [INFO] SUCCESS: CUDA Host Version: 13.2 (Routing to PyTorch wheel cu124)
2026-07-11 20:10:02,765 [INFO] SUCCESS: GPU Detected: NVIDIA Architecture
2026-07-11 20:10:02,777 [INFO] Fast-Pass failed: Command '['/home/joshua/orca_6_1_1_avx2/orca', '--version']' returned non-zero exit status 2.
2026-07-11 20:10:03,416 [INFO] SUCCESS: ORCA 6.1.1 validated (Basis sets & Property modules OK) at: /home/joshua/orca_6_1_1_avx2/orca
2026-07-11 20:10:04,665 [INFO] SUCCESS: Binary 'mpirun' (openmpi) is present.
2026-07-11 20:10:05,551 [INFO] SUCCESS: Binary 'git' (git) is present.
2026-07-11 20:10:06,445 [INFO] SUCCESS: OpenMPI 4.1.x Strictly Verified (ORCA 6.1.1 Optimal) at: /home/joshua/anaconda3/envs/TOPOS/bin/mpirun
2026-07-11 20:10:08,077 [INFO] SUCCESS: PyTorch & MACE-OFF23 are fully functional.
2026-07-11 20:10:08,958 [INFO] Resolution Cycle 1/4: Aligning highest compatible versions...
2026-07-11 20:10:12,393 [INFO] SUCCESS: Matrix alignment successful! Dependencies seamlessly upgraded/downgraded to optimal configurations.
2026-07-11 20:10:13,341 [INFO] SUCCESS: Dependency 'numpy==1.26.4' is fully functional.
2026-07-11 20:10:14,297 [INFO] SUCCESS: Dependency 'scipy==1.13.1' is fully functional.
2026-07-11 20:10:15,302 [INFO] SUCCESS: Dependency 'ase==3.23.0' is fully functional.
2026-07-11 20:10:16,260 [INFO] SUCCESS: Dependency 'networkx==3.3' is fully functional.
2026-07-11 20:10:17,151 [INFO] SUCCESS: Dependency 'psutil==5.9.8' is fully functional.
2026-07-11 20:10:18,056 [INFO] SUCCESS: Dependency 'tblite==0.3.0' is fully functional.
2026-07-11 20:10:19,218 [INFO] SUCCESS: Dependency 'pyscf==2.6.2' is fully functional.
2026-07-11 20:10:20,374 [INFO] SUCCESS: Dependency 'pyscf-dispersion==0.5.0' is fully functional.
2026-07-11 20:10:21,577 [INFO] SUCCESS: Dependency 'geometric==1.0.2' is fully functional.
2026-07-11 20:11:50,402 [INFO] --- NEW EXECUTION LAUNCHED ---
2026-07-11 20:11:50,402 [INFO] SUCCESS: OS Memory Allocation (Stack Size) is mathematically healthy.
2026-07-11 20:11:50,402 [INFO] SUCCESS: CPU Detected: 24 threads available
2026-07-11 20:11:50,402 [INFO] SUCCESS: Memory Detected: 62.55 GB available
2026-07-11 20:11:50,447 [INFO] SUCCESS: CUDA Host Version: 13.2 (Routing to PyTorch wheel cu124)
2026-07-11 20:11:50,447 [INFO] SUCCESS: GPU Detected: NVIDIA Architecture
2026-07-11 20:11:50,455 [INFO] Fast-Pass failed: Command '['/home/joshua/orca_6_1_1_avx2/orca', '--version']' returned non-zero exit status 2.
2026-07-11 20:11:51,024 [INFO] SUCCESS: ORCA 6.1.1 validated (Basis sets & Property modules OK) at: /home/joshua/orca_6_1_1_avx2/orca
2026-07-11 20:11:52,200 [INFO] SUCCESS: Binary 'mpirun' (openmpi) is present.
2026-07-11 20:11:53,086 [INFO] SUCCESS: Binary 'git' (git) is present.
2026-07-11 20:11:53,980 [INFO] SUCCESS: OpenMPI 4.1.x Strictly Verified (ORCA 6.1.1 Optimal) at: /home/joshua/anaconda3/envs/TOPOS/bin/mpirun
2026-07-11 20:11:55,638 [INFO] SUCCESS: PyTorch & MACE-OFF23 are fully functional.
2026-07-11 20:11:56,526 [INFO] Resolution Cycle 1/4: Aligning highest compatible versions...
2026-07-11 20:11:59,960 [INFO] SUCCESS: Matrix alignment successful! Dependencies seamlessly upgraded/downgraded to optimal configurations.
2026-07-11 20:12:00,895 [INFO] SUCCESS: Dependency 'numpy==1.26.4' is fully functional.
2026-07-11 20:12:01,835 [INFO] SUCCESS: Dependency 'scipy==1.13.1' is fully functional.
2026-07-11 20:12:02,805 [INFO] SUCCESS: Dependency 'ase==3.23.0' is fully functional.
2026-07-11 20:12:03,773 [INFO] SUCCESS: Dependency 'networkx==3.3' is fully functional.
2026-07-11 20:12:04,671 [INFO] SUCCESS: Dependency 'psutil==5.9.8' is fully functional.
2026-07-11 20:12:05,557 [INFO] SUCCESS: Dependency 'tblite==0.3.0' is fully functional.
2026-07-11 20:12:06,720 [INFO] SUCCESS: Dependency 'pyscf==2.6.2' is fully functional.
2026-07-11 20:12:07,901 [INFO] SUCCESS: Dependency 'pyscf-dispersion==0.5.0' is fully functional.
2026-07-11 20:12:09,085 [INFO] SUCCESS: Dependency 'geometric==1.0.2' is fully functional.
2026-07-11 20:12:10,057 [INFO] SUCCESS: Dependency 'ipykernel' is fully functional.
2026-07-11 20:12:11,078 [INFO] SUCCESS: Dependency 'matplotlib==3.9.0' is fully functional.
2026-07-11 20:12:12,696 [INFO] SUCCESS: Dependency 'gpu4pyscf-cuda12x' is fully functional.
2026-07-11 20:12:13,593 [INFO] Scanning for local proprietary OPI package...
2026-07-11 20:12:13,593 [INFO] SUCCESS: Found local file opi-2.0.0.tar.gz.
2026-07-11 20:12:13,639 [INFO] OPI Checksum (opi-2.0.0.tar.gz): 3cf94cc3bdcbec58b46d25ef0704900d380f1fe2cfd832ccd1d7070dffc530cb
2026-07-11 20:12:20,257 [INFO] SUCCESS: OPI strictly verified.
2026-07-11 20:12:20,257 [INFO] Registering Kernel to Jupyter...
2026-07-11 20:12:21,359 [INFO] SUCCESS: ORCA External Tools (MACE enabled): Present and Functional.
2026-07-11 20:12:22,393 [INFO] SUCCESS: MolSym Library: Present and Functional.
2026-07-11 20:12:22,393 [INFO] Generating exact requirements_lock.txt for SI reproducibility...
2026-07-11 20:12:23,403 [INFO] SUCCESS: Digital Passport Secured: ORCA 6.1.1 on Linux-6.17.0-35-generic-x86_64-with-glibc2.39
2026-07-11 20:12:23,403 [INFO] SUCCESS: Pipeline State JSON generated (opi_system_config.json)
