No broken requirements found.
{
  "status": "verified",
  "phases": 11,
  "engines": {
    "xtb": "/workspace/.cochem-base-runtime/free-engines/xtb/xtb-dist/bin/xtb",
    "crest": "/workspace/.tools/crest-3.0.2-generic-paths-v1-reviewed/crest",
    "psi4": "/workspace/.cochem-setup/psi4-runtime/bin/psi4",
    "abcluster": "/workspace/.tools/abcluster-3.4/abcluster-Release/rigidmol",
    "mace": "/workspace/.cochem-base-runtime/Silos/cochem_mace_silo/bin/python",
    "aimnet2": "/workspace/.cochem-base-runtime/Silos/cochem_aimnet2_silo/bin/python"
  },
  "torq_receiver": "/workspace/CoChem-TORQ/Libraries/cochem_torq_topos_handoff.py",
  "workers": {
    "mace": {
      "distribution": "0.1.0",
      "sources": 89,
      "manifest_sha256": "7806ca51569118372e39df92cb91befbe9431c307f8738224abb0b0d276044db"
    },
    "aimnet2": {
      "distribution": "0.1.0",
      "sources": 89,
      "manifest_sha256": "7806ca51569118372e39df92cb91befbe9431c307f8738224abb0b0d276044db"
    }
  },
  "gpu_verified": false,
  "orca_local_installation": false
}
